// Jest Snapshot v1, https://goo.gl/fbAQLP

exports[`App should render correctly 1`] = `
<div>
  <Clock
    currentTime="02:49 AM"
  />
</div>
`;
