// Jest Snapshot v1, https://goo.gl/fbAQLP

exports[`Clock component renders correctly 1`] = `
<div>
  06:14 AM
</div>
`;
